// Jest Snapshot v1, https://goo.gl/fbAQLP

exports[`Throw error when element is not a form 1`] = `"Cannot read properties of undefined (reading 'utils')"`;
