// Jest Snapshot v1, https://goo.gl/fbAQLP

exports[`Pass for active element and its parents 1`] = `
"expect(DIV).toHaveFocusedDescendant(undefined)

Expected,  <div id=\\"el2\\" tabindex=\\"0\\">
    </div>,Received,  <div id=\\"el1\\" tabindex=\\"0\\">
        </div>"
`;
